shkfhsdhkssfsfs
fsf
sfsdfsdf
dsf
df
dsf
dsfsdfsdlfjdsfjdsofuwufjwoflvlsvs
vs
vs
vsvsvosjvosdjvosdv0smffxfrf
eg
ergeogi0eivg0emigei0ge9g0e ogepgiu0eg eiHXD
HXD vdfvfd
FAD dvvdvkdlvdlvdv
vdvdvdv
dvdvkdvdövv
shkfhsdhkssfsfs
fsf
sfsdfsdf
dsf
df
dsf
dsfsdfsdlfjdsfjdsofuwufjwoflvlsvs
vs
vs
vsvsvosjvosdjvosdv0smffxfrf
eg
ergeogi0eivg0emigei0ge9g0e ogepgiu0eg eiHXD
HXD vdfvfd
FAD dvvdvkdlvdlvdv
vdvdvdv
dvdvkdvdövv